[redart.wpengine.com/index.html]
[backblue.gif]
[fade.gif]
[index.html]
[redart.wpengine.com/wp-content/plugins/woocommerce/assets/css/prettyPhoto005e.css]
[redart.wpengine.com/wp-content/plugins/revslider/public/assets/assets/dummy.png]
[redart.wpengine.com/index.html]
[redart.wpengine.com/wp-content/plugins/woocommerce/assets/js/prettyPhoto/jquery.prettyPhoto.min005e.js]
[redart.wpengine.com/wp-content/plugins/woocommerce/assets/fonts/star.eot]
[redart.wpengine.com/wp-content/plugins/woocommerce/assets/fonts/star.woff]
[redart.wpengine.com/wp-content/plugins/woocommerce/assets/fonts/stard41d.eot]
[redart.wpengine.com/wp-content/plugins/woocommerce/assets/fonts/star.ttf]
[redart.wpengine.com/wp-content/plugins/woocommerce/assets/fonts/star.svg]
[redart.wpengine.com/wp-content/plugins/woocommerce/assets/fonts/WooCommerce.eot]
[redart.wpengine.com/wp-content/plugins/woocommerce/assets/fonts/WooCommerce.woff]
[redart.wpengine.com/wp-content/plugins/woocommerce/assets/fonts/WooCommerce.ttf]
[redart.wpengine.com/wp-content/plugins/woocommerce/assets/fonts/WooCommerced41d.eot]
[redart.wpengine.com/wp-content/plugins/woocommerce/assets/fonts/WooCommerce.svg]
[redart.wpengine.com/wp-content/plugins/woocommerce/assets/css/prettyPhoto005e.css]
[redart.wpengine.com/wp-content/plugins/woocommerce/assets/fonts/star.svg]
[redart.wpengine.com/wp-content/plugins/woocommerce/assets/fonts/WooCommerce.svg]
[redart.wpengine.com/wp-content/plugins/woocommerce/assets/images/icons/loader.svg]
